{"name":"ChatGPT","features":["AI","Conversational"],"version":4.0}